// Jest Snapshot v1, https://goo.gl/fbAQLP

exports[`Button component should matches snapshot 1`] = `
<button
  class="btn"
  type="button"
/>
`;
